error: proc macro panicked
 --> tests/ui/migrate/missing_parameter.rs:4:5
  |
4 |     sqlx::migrate!("../../../../tests/ui/migrate/migrations", parameters = [("my_user", "scooby"), ("fooby", _shaggy)]);
  |     ^^^^^^^^^^^^^^^^^^^^^^^^^^^^^^^^^^^^^^^^^^^^^^^^^^^^^^^^^^^^^^^^^^^^^^^^^^^^^^^^^^^^^^^^^^^^^^^^^^^^^^^^^^^^^^^^^^^
  |
  = help: message: Error processing parameters: migration 20250423195520_create_users.up was missing a parameter 'my_password' at line 3, column 50
  = note: this error originates in the macro `sqlx::migrate` (in Nightly builds, run with -Z macro-backtrace for more info)
